node.exe : npm warn Unknown cli config "--run". This will stop working in the next major version of npm.
At C:\Program Files\nodejs\npm.ps1:29 char:3
+   & $NODE_EXE $NPM_CLI_JS $args
+   ~~~~~~~~~~~~~~~~~~~~~~~~~~~~~
    + CategoryInfo          : NotSpecified: (npm warn Unknow...version of npm.:String) [], RemoteException
    + FullyQualifiedErrorId : NativeCommandError
 

> frontend@0.0.0 test
> vitest run


[1m[30m[46m RUN [49m[39m[22m [36mv4.1.10 [39m[90mC:/Users/rnf/Projects/FPL/frontend[39m

[90mstderr[2m | src/pages/__tests__/SquadBuilder.test.tsx[2m > [22m[2mSquadBuilder[2m > [22m[2m"Build optimum team" locks currently-filled players and lets the optimizer fill gaps
[22m[39mAn error occurred in the <PickTable> component.

Consider adding an error boundary to your tree to customize error handling behavior.
Visit https://react.dev/link/error-boundaries to learn more about error boundaries.


[90mstderr[2m | src/pages/__tests__/SquadBuilder.test.tsx[2m > [22m[2mSquadBuilder[2m > [22m[2m"Build from scratch" calls the optimizer with NO locked players
[22m[39mAn error occurred in the <PickTable> component.

Consider adding an error boundary to your tree to customize error handling behavior.
Visit https://react.dev/link/error-boundaries to learn more about error boundaries.


 [31mÔØ»[39m src/pages/__tests__/SquadBuilder.test.tsx [2m([22m[2m8 tests[22m[2m | [22m[31m1 failed[39m[2m)[22m[33m 662[2mms[22m[39m
     [32mÔ£ô[39m renders all 15 squad players on the pitch, plus budget/count[32m 82[2mms[22m[39m
     [32mÔ£ô[39m removing a player empties that slot and shows a notification[32m 130[2mms[22m[39m
     [32mÔ£ô[39m sidebar shows over-budget candidates WITH a warning, but still allows adding them (warn, not block)[32m 133[2mms[22m[39m
     [32mÔ£ô[39m adding an eligible candidate fills the empty slot[32m 127[2mms[22m[39m
[31m     [31m├ù[31m "Build optimum team" locks currently-filled players and lets the optimizer fill gaps[39m[32m 42[2mms[22m[39m
     [32mÔ£ô[39m "Build from scratch" calls the optimizer with NO locked players[32m 60[2mms[22m[39m
     [32mÔ£ô[39m filtering the sidebar by position narrows the candidate list[32m 82[2mms[22m[39m
     [32mÔ£ô[39m shows a loading state while the squad is being fetched[32m 3[2mms[22m[39m
 [32mÔ£ô[39m src/pages/__tests__/PlayerScout.test.tsx [2m([22m[2m16 tests[22m[2m)[22m[33m 1429[2mms[22m[39m

[31mÔÄ»ÔÄ»ÔÄ»ÔÄ»ÔÄ»ÔÄ»ÔÄ»[39m[1m[41m Failed Tests 1 [49m[22m[31mÔÄ»ÔÄ»ÔÄ»ÔÄ»ÔÄ»ÔÄ»ÔÄ»[39m

[41m[1m FAIL [22m[49m src/pages/__tests__/SquadBuilder.test.tsx[2m > [22mSquadBuilder[2m > [22m"Build optimum team" locks currently-filled players and lets the optimizer fill gaps
[31m[1mTestingLibraryElementError[22m: Unable to find an element with the text: /build optimum team/i. This could be because the text is broken up by multiple elements. In this case, you can provide a function for your text matcher to make your matcher more flexible.

Ignored nodes: comments, script, style
[36m<body>[31m
  [36m<div />[31m
[36m</body>[31m[39m
[90m [2mÔØ»[22m Object.getElementError node_modules/@testing-library/dom/dist/config.js:[2m37:19[22m[39m
[90m [2mÔØ»[22m node_modules/@testing-library/dom/dist/query-helpers.js:[2m76:38[22m[39m
[90m [2mÔØ»[22m node_modules/@testing-library/dom/dist/query-helpers.js:[2m52:17[22m[39m
[90m [2mÔØ»[22m node_modules/@testing-library/dom/dist/query-helpers.js:[2m95:19[22m[39m
[36m [2mÔØ»[22m src/pages/__tests__/SquadBuilder.test.tsx:[2m128:29[22m[39m
    [90m126|[39m     [35mconst[39m user [33m=[39m userEvent[33m.[39m[34msetup[39m()
    [90m127|[39m     [35mawait[39m user[33m.[39m[34mclick[39m(screen[33m.[39m[34mgetByLabelText[39m([32m'Remove Erling Haaland'[39m))
    [90m128|[39m     [35mawait[39m user[33m.[39m[34mclick[39m(screen[33m.[39m[34mgetByText[39m([36m/build optimum team/i[39m))
    [90m   |[39m                             [31m^[39m
    [90m129|[39m
    [90m130|[39m     [34mexpect[39m(apiSpy)[33m.[39m[34mtoHaveBeenCalled[39m()

[31m[2mÔÄ»ÔÄ»ÔÄ»ÔÄ»ÔÄ»ÔÄ»ÔÄ»ÔÄ»ÔÄ»ÔÄ»ÔÄ»ÔÄ»ÔÄ»ÔÄ»ÔÄ»ÔÄ»ÔÄ»ÔÄ»ÔÄ»ÔÄ»ÔÄ»ÔÄ»ÔÄ»ÔÄ»[1/1]ÔÄ»[22m[39m

[31mÔÄ»ÔÄ»ÔÄ»ÔÄ»ÔÄ»ÔÄ»[39m[1m[41m Unhandled Errors [49m[22m[31mÔÄ»ÔÄ»ÔÄ»ÔÄ»ÔÄ»ÔÄ»[39m
[31m[1m
Vitest caught 2 unhandled errors during the test run.
This might cause false positive tests. Resolve unhandled errors to make sure your tests are not affected.[22m[39m

[31mÔÄ»ÔÄ»ÔÄ»ÔÄ»ÔÄ»[39m[1m[41m Uncaught Exception [49m[22m[31mÔÄ»ÔÄ»ÔÄ»ÔÄ»ÔÄ»[39m
[31m[1mTypeError[22m: Cannot read properties of undefined (reading 'map')[39m
[36m [2mÔØ»[22m PickTable src/components/CaptainPicks.tsx:[2m59:17[22m[39m
    [90m 57|[39m         [33m<[39m[33m/[39m[33mthead[39m[33m>[39m
    [90m 58|[39m         [33m<[39m[33mtbody[39m[33m>[39m
    [90m 59|[39m           [33m{[39mrows[33m.[39m[34mmap[39m((r) [33m=>[39m (
    [90m   |[39m                 [31m^[39m
    [90m 60|[39m             [33m<[39m[33mtr[39m [33mkey[39m[33m=[39m[33m{[39mr[33m.[39mname[33m}[39m [33mclassName[39m[33m=[39m[32m"border-t border-slate-50"[39m[33m>[39m
    [90m 61|[39m               <td className="px-3 py-1.5 font-medium text-slate-900 trÔÇª
[90m [2mÔØ»[22m Object.react_stack_bottom_frame node_modules/react-dom/cjs/react-dom-client.development.js:[2m25904:20[22m[39m
[90m [2mÔØ»[22m renderWithHooks node_modules/react-dom/cjs/react-dom-client.development.js:[2m7662:22[22m[39m
[90m [2mÔØ»[22m updateFunctionComponent node_modules/react-dom/cjs/react-dom-client.development.js:[2m10166:19[22m[39m
[90m [2mÔØ»[22m beginWork node_modules/react-dom/cjs/react-dom-client.development.js:[2m11778:18[22m[39m
[90m [2mÔØ»[22m runWithFiberInDEV node_modules/react-dom/cjs/react-dom-client.development.js:[2m874:13[22m[39m
[90m [2mÔØ»[22m performUnitOfWork node_modules/react-dom/cjs/react-dom-client.development.js:[2m17641:22[22m[39m
[90m [2mÔØ»[22m workLoopSync node_modules/react-dom/cjs/react-dom-client.development.js:[2m17469:41[22m[39m
[90m [2mÔØ»[22m renderRootSync node_modules/react-dom/cjs/react-dom-client.development.js:[2m17450:11[22m[39m
[90m [2mÔØ»[22m performWorkOnRoot node_modules/react-dom/cjs/react-dom-client.development.js:[2m16583:35[22m[39m

[31mThis error originated in "[1msrc/pages/__tests__/SquadBuilder.test.tsx[22m" test file. It doesn't mean the error was thrown inside the file itself, but while it was running.[39m
[31mThe latest test that might've caused the error is "[1m"Build optimum team" locks currently-filled players and lets the optimizer fill gaps[22m". It might mean one of the following:
- The error was thrown, while Vitest was running this test.
- If the error occurred after the test had been completed, this was the last documented test before it was thrown.[39m

[31mÔÄ»ÔÄ»ÔÄ»ÔÄ»ÔÄ»[39m[1m[41m Uncaught Exception [49m[22m[31mÔÄ»ÔÄ»ÔÄ»ÔÄ»ÔÄ»[39m
[31m[1mTypeError[22m: Cannot read properties of undefined (reading 'map')[39m
[36m [2mÔØ»[22m PickTable src/components/CaptainPicks.tsx:[2m59:17[22m[39m
    [90m 57|[39m         [33m<[39m[33m/[39m[33mthead[39m[33m>[39m
    [90m 58|[39m         [33m<[39m[33mtbody[39m[33m>[39m
    [90m 59|[39m           [33m{[39mrows[33m.[39m[34mmap[39m((r) [33m=>[39m (
    [90m   |[39m                 [31m^[39m
    [90m 60|[39m             [33m<[39m[33mtr[39m [33mkey[39m[33m=[39m[33m{[39mr[33m.[39mname[33m}[39m [33mclassName[39m[33m=[39m[32m"border-t border-slate-50"[39m[33m>[39m
    [90m 61|[39m               <td className="px-3 py-1.5 font-medium text-slate-900 trÔÇª
[90m [2mÔØ»[22m Object.react_stack_bottom_frame node_modules/react-dom/cjs/react-dom-client.development.js:[2m25904:20[22m[39m
[90m [2mÔØ»[22m renderWithHooks node_modules/react-dom/cjs/react-dom-client.development.js:[2m7662:22[22m[39m
[90m [2mÔØ»[22m updateFunctionComponent node_modules/react-dom/cjs/react-dom-client.development.js:[2m10166:19[22m[39m
[90m [2mÔØ»[22m beginWork node_modules/react-dom/cjs/react-dom-client.development.js:[2m11778:18[22m[39m
[90m [2mÔØ»[22m runWithFiberInDEV node_modules/react-dom/cjs/react-dom-client.development.js:[2m874:13[22m[39m
[90m [2mÔØ»[22m performUnitOfWork node_modules/react-dom/cjs/react-dom-client.development.js:[2m17641:22[22m[39m
[90m [2mÔØ»[22m workLoopSync node_modules/react-dom/cjs/react-dom-client.development.js:[2m17469:41[22m[39m
[90m [2mÔØ»[22m renderRootSync node_modules/react-dom/cjs/react-dom-client.development.js:[2m17450:11[22m[39m
[90m [2mÔØ»[22m performWorkOnRoot node_modules/react-dom/cjs/react-dom-client.development.js:[2m16583:35[22m[39m

[31mThis error originated in "[1msrc/pages/__tests__/SquadBuilder.test.tsx[22m" test file. It doesn't mean the error was thrown inside the file itself, but while it was running.[39m
[31mThe latest test that might've caused the error is "[1m"Build from scratch" calls the optimizer with NO locked players[22m". It might mean one of the following:
- The error was thrown, while Vitest was running this test.
- If the error occurred after the test had been completed, this was the last documented test before it was thrown.[39m
[31mÔÄ»ÔÄ»ÔÄ»ÔÄ»ÔÄ»ÔÄ»ÔÄ»ÔÄ»ÔÄ»ÔÄ»ÔÄ»ÔÄ»ÔÄ»ÔÄ»ÔÄ»ÔÄ»ÔÄ»ÔÄ»ÔÄ»ÔÄ»ÔÄ»ÔÄ»ÔÄ»ÔÄ»ÔÄ»ÔÄ»ÔÄ»ÔÄ»ÔÄ»ÔÄ»[39m


[2m Test Files [22m [1m[31m1 failed[39m[22m[2m | [22m[1m[32m1 passed[39m[22m[90m (2)[39m
[2m      Tests [22m [1m[31m1 failed[39m[22m[2m | [22m[1m[32m23 passed[39m[22m[90m (24)[39m
[2m     Errors [22m [1m[31m2 errors[39m[22m
[2m   Start at [22m 14:49:50
[2m   Duration [22m 2.75s[2m (transform 202ms, setup 348ms, import 454ms, tests 2.09s, environment 1.55s)[22m


